exports[`test Take Snapshot 1`] = `
<div
  className={undefined}>
  <div
    className="form-group">
    <label
      htmlFor="email">
      Email
    </label>
    <input
      autoComplete="off"
      className="form-control undefined"
      id="email"
      onKeyUp={[Function]}
      placeholder="konmpar@gmail.com"
      type="text" />
    <div
      className="row undefined">
      <div
        className="col-xs-6">
        <button
          className="btn btn-default undefined"
          onClick={[Function]}>
          Reset
        </button>
      </div>
      <div
        className="col-xs-6 text-right">
        
      </div>
    </div>
  </div>
</div>
`;
